WASH6P	(59354329,59358343)		+	CXYorf1; FAM39A; FLJ77647; WASH	GeneID:653440,HGNC:31685
DDX11L16	(59358332,59360854)		-	MGC75272	GeneID:727856,HGNC:37115
